// Jest Snapshot v1, https://goo.gl/fbAQLP

exports[`App Tests Renders App successfully 1`] = `
<div
  className="App"
>
  <BrowserRouter>
    <Switch>
      <Route
        exact={true}
        path="/"
      >
        <DashboardView />
      </Route>
      <Route
        path="/dashboard"
      >
        <DashboardView />
      </Route>
    </Switch>
  </BrowserRouter>
</div>
`;
